${Units('si')}
undo off
reset
# Geometry
#{blockWidth=48}
#{blockLength=64}
#{blockHeight=32}
# Faults have a common width of 15 km
#{faultWidth=15.0}

# Main fault is 32.0 km long.
#{mainFaultLength=32.0}

# Branch fault is at angle of 30.0 degrees.
#{branchAngle=30.0}

# ----------------------------------------------------------------------
# Parameters for mesh.
# ----------------------------------------------------------------------
#{dx=.1} !dx=.3 (lit), dx=.1

brick x {blockWidth} y {blockLength} z {blockHeight}
volume 1 move z {-blockHeight/2.0}

create planar surface with plane xplane offset 0
surface 7 name "temp_main"
webcut volume 1 with sheet surface temp_main
delete body 2

# Create branch fault
create planar surface with plane yplane offset 0.0
surface 18 name "temp_branch"
move surface temp_branch x {blockWidth/2} y 0 z 0
rotate surface temp_branch about vertex 21 vertex 22 angle {90-branchAngle}
webcut volume 1 with sheet surface temp_branch
webcut volume 3 with sheet extended surface temp_branch
delete body 4

# Split main fault surface using volume 1 
create vertex 0 {-mainFaultLength/2} 0
create vertex 0 {+mainFaultLength/2} 0
create vertex 0 {-mainFaultLength/2} {-faultWidth}
create vertex 0 {+mainFaultLength/2} {-faultWidth}
create vertex 0 0 {-faultWidth}
#create vertex 0 {-blockLength/2} {-faultWidth}
#create vertex 0 {+blockLength/2} {-faultWidth}
split surface 27 across location vertex 41 location vertex 43 
split surface 22 across location vertex 42 location vertex 44
split surface 27 across location vertex 43 location vertex 45
split surface 22 across location vertex 44 location vertex 45
delete vertex all

# Split branch fault surface using volume 3
vertex 27 copy move z {-faultWidth}
#vertex 25 copy move z {-faultWidth}
create vertex on curve 38 distance {12} from start 
create vertex on curve 64 distance {12} from start 
vertex 53 copy move z {-faultWidth}
vertex 54 copy move z {-faultWidth}
split surface 34 across location vertex 54 location vertex 56 
split surface 34 across location vertex 52 location vertex 56
split surface 24 across location vertex 53 location vertex 55
split surface 24 across location vertex 52 location vertex 55
delete vertex all
imprint all
merge all

# Mesh and smooth 
surface 42 39 45 44 scheme trimesh
surface 42 39 45 44 size {2*dx}
mesh surface 42 39 45 44
volume all scheme tetmesh
volume all size {8*dx}
mesh volume all
refine volume all
#volume all smooth scheme condition number beta 1.3 cpu 10
#smooth volume all

# Fault faces
unmerge surface 42
unmerge surface 39
unmerge surface 44
unmerge surface 45
#merge curve 95 72

nodeset 1 surface 52 
nodeset 2 surface 42 
nodeset 3 surface 53
nodeset 4 surface 39
nodeset 5 surface 47 
nodeset 6 surface 45
nodeset 7 surface 51 
nodeset 8 surface 44 

sideset 1 surface 52
sideset 2 surface 42
sideset 3 surface 53
sideset 4 surface 39
sideset 5 surface 47
sideset 6 surface 45
sideset 7 surface 51
sideset 8 surface 44

# remove sharing nodes
#nodeset 3 node with x_coord<=0 remove
#nodeset 4 node with x_coord<=0 remove

# exterior faces
nodeset 9  surface 4 
nodeset 10 surface 30 35 10 
nodeset 11 surface 33 36 28 21 
nodeset 12 surface 6 
nodeset 13 surface 15 20 25
nodeset 14 surface 31 38 23 26

sideset 9  surface 4 
sideset 10 surface 30 35 10 
sideset 11 surface 33 36 28 21 
sideset 12 surface 6 
sideset 13 surface 15 20 25
sideset 14 surface 31 38 23 26 

# Output
group 'mat' add tet in volume 5 3
group 'fzone' add tet in volume 1 6
block 1 group mat
block 2 group fzone
export mesh "F3DX.exo" dimension 3 overwrite
quit
