${Units('si')}
undo off
reset
Set Duplicate Block Elements on
# Block is 6 km x 6 km x 4 km
brick x 6. y 6. z 4.
volume 1 move x 0 y 0 z -2.
Webcut volume 1 With Cylinder Radius 4.05 Axis 0 1 0 center -3.25 0 0.0 
webcut volume all with plane zplane offset -1
webcut volume all with plane zplane offset -3
webcut volume all with plane yplane offset -2
webcut volume all with plane yplane offset  2 
unite body 11 18 12 6 5 17 
unite body 7 13 14 8 2 1
unite body 4 3 15 16
imprint all
merge all

# mesh domain
Volume all size .1
Mesh surface 138
Mesh volume 4 9 10 15
Mesh Volume 7 11 
volume all move x 0 y 0 z -1

# smooth
#{beta=3.0}
#{loop(5)}
volume all smooth scheme condition number beta {beta} cpu 20 
smooth volume all
#{beta=beta-0.2}
#{endloop}

# Domain boundaries (east, north, botom, west, south, top)
nodeset 3 surface 81 120 140 144 158 # East 
nodeset 4 surface 19 38 54 # North 
nodeset 5 surface 161 # Bottom 
sideset 3 surface 81 120 140 144 158  
sideset 4 surface 19 38 54
sideset 5 surface 161
nodeset 6 surface 89 136 148 156 174 # West
nodeset 7 surface 29 48 56 # South 
nodeset 8 surface 121 # Top
sideset 6 surface 89 136 148 156 174
sideset 7 surface 29 48 56
sideset 8 surface 121

group "mat_top" add hex in volume 7
group "mat_mid" add hex in volume 4 9 10 15
group "mat_bot" add hex in volume 11
block 1 group mat_top
block 2 group mat_mid
block 3 group mat_bot

# export FV grid
export mesh "./F3D_bd_fv.exo" dimension 3 overwrite

# fault face
unmerge surface 138
nodeset 1 surface 150 
nodeset 2 surface 138
sideset 1 surface 150
sideset 2 surface 138

export mesh "./F3D_bd.exo" dimension 3 overwrite
quit
